

================================================================
== Vitis HLS Report for 'tpgBackground_Pipeline_VITIS_LOOP_520_2'
================================================================
* Date:           Wed Apr  9 16:23:24 2025

* Version:        2022.2 (Build 3670227 on Oct 13 2022)
* Project:        prj
* Solution:       sol (Vivado IP Flow Target)
* Product family: zynquplus
* Target device:  xck26-sfvc784-2LV-c


================================================================
== Performance Estimates
================================================================
+ Timing: 
    * Summary: 
    +--------+---------+----------+------------+
    |  Clock |  Target | Estimated| Uncertainty|
    +--------+---------+----------+------------+
    |ap_clk  |  4.00 ns|  3.392 ns|     1.08 ns|
    +--------+---------+----------+------------+

+ Latency: 
    * Summary: 
    +---------+---------+-----------+----------+-----+-------+---------+
    |  Latency (cycles) |  Latency (absolute)  |   Interval  | Pipeline|
    |   min   |   max   |    min    |    max   | min |  max  |   Type  |
    +---------+---------+-----------+----------+-----+-------+---------+
    |       23|    65558|  92.000 ns|  0.262 ms|   23|  65558|       no|
    +---------+---------+-----------+----------+-----+-------+---------+

    + Detail: 
        * Instance: 
        +------------------------------+------------------+---------+---------+----------+----------+-----+-----+---------+
        |                              |                  |  Latency (cycles) |  Latency (absolute) |  Interval | Pipeline|
        |           Instance           |      Module      |   min   |   max   |    min   |    max   | min | max |   Type  |
        +------------------------------+------------------+---------+---------+----------+----------+-----+-----+---------+
        |grp_reg_ap_uint_10_s_fu_2159  |reg_ap_uint_10_s  |        1|        1|  4.000 ns|  4.000 ns|    1|    1|      yes|
        |grp_reg_int_s_fu_2649         |reg_int_s         |        1|        1|  4.000 ns|  4.000 ns|    1|    1|      yes|
        +------------------------------+------------------+---------+---------+----------+----------+-----+-----+---------+

        * Loop: 
        +--------------------+---------+---------+----------+-----------+-----------+-----------+----------+
        |                    |  Latency (cycles) | Iteration|  Initiation Interval  |    Trip   |          |
        |      Loop Name     |   min   |   max   |  Latency |  achieved |   target  |   Count   | Pipelined|
        +--------------------+---------+---------+----------+-----------+-----------+-----------+----------+
        |- VITIS_LOOP_520_2  |       21|    65556|        23|          1|          1|  0 ~ 65535|       yes|
        +--------------------+---------+---------+----------+-----------+-----------+-----------+----------+



================================================================
== Utilization Estimates
================================================================
* Summary: 
+-----------------+---------+------+--------+--------+-----+
|       Name      | BRAM_18K|  DSP |   FF   |   LUT  | URAM|
+-----------------+---------+------+--------+--------+-----+
|DSP              |        -|    13|       -|       -|    -|
|Expression       |        -|     -|      26|    2008|    -|
|FIFO             |        -|     -|       -|       -|    -|
|Instance         |        -|     -|    1074|     831|    -|
|Memory           |       13|     -|     204|      39|    -|
|Multiplexer      |        -|     -|       -|    1417|    -|
|Register         |        -|     -|    3437|     800|    -|
+-----------------+---------+------+--------+--------+-----+
|Total            |       13|    13|    4741|    5095|    0|
+-----------------+---------+------+--------+--------+-----+
|Available        |      288|  1248|  234240|  117120|   64|
+-----------------+---------+------+--------+--------+-----+
|Utilization (%)  |        4|     1|       2|       4|    0|
+-----------------+---------+------+--------+--------+-----+

+ Detail: 
    * Instance: 
    +------------------------------+----------------------+---------+----+-----+-----+-----+
    |           Instance           |        Module        | BRAM_18K| DSP|  FF | LUT | URAM|
    +------------------------------+----------------------+---------+----+-----+-----+-----+
    |mux_32_10_1_1_U58             |mux_32_10_1_1         |        0|   0|    0|   14|    0|
    |mux_53_32_1_1_U55             |mux_53_32_1_1         |        0|   0|    0|   26|    0|
    |mux_53_32_1_1_U56             |mux_53_32_1_1         |        0|   0|    0|   26|    0|
    |mux_53_32_1_1_U57             |mux_53_32_1_1         |        0|   0|    0|   26|    0|
    |grp_reg_ap_uint_10_s_fu_2159  |reg_ap_uint_10_s      |        0|   0|   21|   14|    0|
    |grp_reg_int_s_fu_2649         |reg_int_s             |        0|   0|   33|   14|    0|
    |urem_11ns_4ns_3_15_1_U52      |urem_11ns_4ns_3_15_1  |        0|   0|  340|  237|    0|
    |urem_11ns_4ns_3_15_1_U53      |urem_11ns_4ns_3_15_1  |        0|   0|  340|  237|    0|
    |urem_11ns_4ns_3_15_1_U54      |urem_11ns_4ns_3_15_1  |        0|   0|  340|  237|    0|
    +------------------------------+----------------------+---------+----+-----+-----+-----+
    |Total                         |                      |        0|   0| 1074|  831|    0|
    +------------------------------+----------------------+---------+----+-----+-----+-----+

    * DSP: 
    +-------------------------------------+---------------------------------+----------------+
    |               Instance              |              Module             |   Expression   |
    +-------------------------------------+---------------------------------+----------------+
    |am_addmul_16ns_1s_16ns_17_4_1_U59    |am_addmul_16ns_1s_16ns_17_4_1    |  (i0 + i1) * i0|
    |mac_muladd_16ns_6s_24s_24_4_1_U69    |mac_muladd_16ns_6s_24s_24_4_1    |    i0 + i1 * i2|
    |mac_muladd_16ns_7ns_15ns_23_4_1_U64  |mac_muladd_16ns_7ns_15ns_23_4_1  |    i0 * i1 + i2|
    |mac_muladd_16ns_7s_18ns_23_4_1_U65   |mac_muladd_16ns_7s_18ns_23_4_1   |    i0 * i1 + i2|
    |mac_muladd_16ns_8ns_23ns_24_4_1_U67  |mac_muladd_16ns_8ns_23ns_24_4_1  |    i0 * i1 + i2|
    |mac_muladd_16ns_8s_23s_24_4_1_U68    |mac_muladd_16ns_8s_23s_24_4_1    |    i0 * i1 + i2|
    |mac_muladd_16s_16s_16ns_16_4_1_U60   |mac_muladd_16s_16s_16ns_16_4_1   |    i0 + i1 * i2|
    |mul_mul_11ns_12ns_23_4_1_U61         |mul_mul_11ns_12ns_23_4_1         |         i0 * i1|
    |mul_mul_11ns_12ns_23_4_1_U62         |mul_mul_11ns_12ns_23_4_1         |         i0 * i1|
    |mul_mul_11ns_12ns_23_4_1_U63         |mul_mul_11ns_12ns_23_4_1         |         i0 * i1|
    |mul_mul_16ns_5ns_21_4_1_U71          |mul_mul_16ns_5ns_21_4_1          |         i0 * i1|
    |mul_mul_16ns_8s_24_4_1_U66           |mul_mul_16ns_8s_24_4_1           |         i0 * i1|
    |mul_mul_20s_8ns_28_4_1_U70           |mul_mul_20s_8ns_28_4_1           |         i0 * i1|
    +-------------------------------------+---------------------------------+----------------+

    * Memory: 
    +---------------------------+-----------------------------------------------------------------------------+---------+----+----+-----+------+-----+------+-------------+
    |           Memory          |                                    Module                                   | BRAM_18K| FF | LUT| URAM| Words| Bits| Banks| W*Bits*Banks|
    +---------------------------+-----------------------------------------------------------------------------+---------+----+----+-----+------+-----+------+-------------+
    |DPtpgBarArray_U            |tpgBackground_Pipeline_VITIS_LOOP_520_2_DPtpgBarArray_ROM_AUTO_1R            |        0|   3|   1|    0|    16|    3|     1|           48|
    |DPtpgBarSelRgb_CEA_b_U     |tpgBackground_Pipeline_VITIS_LOOP_520_2_DPtpgBarSelRgb_CEA_b_ROM_AUTO_1R     |        0|   8|   1|    0|     8|    8|     1|           64|
    |DPtpgBarSelRgb_CEA_g_U     |tpgBackground_Pipeline_VITIS_LOOP_520_2_DPtpgBarSelRgb_CEA_g_ROM_AUTO_1R     |        0|   8|   1|    0|     8|    8|     1|           64|
    |DPtpgBarSelRgb_CEA_r_U     |tpgBackground_Pipeline_VITIS_LOOP_520_2_DPtpgBarSelRgb_CEA_r_ROM_AUTO_1R     |        0|   8|   1|    0|     8|    8|     1|           64|
    |DPtpgBarSelYuv_601_u_U     |tpgBackground_Pipeline_VITIS_LOOP_520_2_DPtpgBarSelYuv_601_u_ROM_AUTO_1R     |        0|  10|   2|    0|     8|   10|     1|           80|
    |DPtpgBarSelYuv_601_v_U     |tpgBackground_Pipeline_VITIS_LOOP_520_2_DPtpgBarSelYuv_601_v_ROM_AUTO_1R     |        0|  10|   2|    0|     8|   10|     1|           80|
    |DPtpgBarSelYuv_601_y_U     |tpgBackground_Pipeline_VITIS_LOOP_520_2_DPtpgBarSelYuv_601_y_ROM_AUTO_1R     |        0|  10|   2|    0|     8|   10|     1|           80|
    |DPtpgBarSelYuv_709_u_U     |tpgBackground_Pipeline_VITIS_LOOP_520_2_DPtpgBarSelYuv_709_u_ROM_AUTO_1R     |        0|  10|   2|    0|     8|   10|     1|           80|
    |DPtpgBarSelYuv_709_v_U     |tpgBackground_Pipeline_VITIS_LOOP_520_2_DPtpgBarSelYuv_709_v_ROM_AUTO_1R     |        0|  10|   2|    0|     8|   10|     1|           80|
    |DPtpgBarSelYuv_709_y_U     |tpgBackground_Pipeline_VITIS_LOOP_520_2_DPtpgBarSelYuv_709_y_ROM_AUTO_1R     |        0|  10|   2|    0|     8|   10|     1|           80|
    |blkYuv_U                   |tpgBackground_Pipeline_VITIS_LOOP_520_2_blkYuv_ROM_AUTO_1R                   |        0|  10|   1|    0|     3|   10|     1|           30|
    |blkYuv_1_U                 |tpgBackground_Pipeline_VITIS_LOOP_520_2_blkYuv_ROM_AUTO_1R                   |        0|  10|   1|    0|     3|   10|     1|           30|
    |bluYuv_U                   |tpgBackground_Pipeline_VITIS_LOOP_520_2_bluYuv_ROM_AUTO_1R                   |        0|  10|   1|    0|     3|   10|     1|           30|
    |grnYuv_U                   |tpgBackground_Pipeline_VITIS_LOOP_520_2_grnYuv_ROM_AUTO_1R                   |        0|  10|   1|    0|     3|   10|     1|           30|
    |redYuv_U                   |tpgBackground_Pipeline_VITIS_LOOP_520_2_redYuv_ROM_AUTO_1R                   |        0|  10|   1|    0|     3|   10|     1|           30|
    |tpgBarSelRgb_b_U           |tpgBackground_Pipeline_VITIS_LOOP_520_2_tpgBarSelRgb_b_ROM_AUTO_1R           |        0|   2|   1|    0|     8|    2|     1|           16|
    |DPtpgBarSelRgb_VESA_b_U    |tpgBackground_Pipeline_VITIS_LOOP_520_2_tpgBarSelRgb_b_ROM_AUTO_1R           |        0|   2|   1|    0|     8|    2|     1|           16|
    |tpgBarSelRgb_g_U           |tpgBackground_Pipeline_VITIS_LOOP_520_2_tpgBarSelRgb_g_ROM_AUTO_1R           |        0|   2|   1|    0|     8|    2|     1|           16|
    |DPtpgBarSelRgb_VESA_g_U    |tpgBackground_Pipeline_VITIS_LOOP_520_2_tpgBarSelRgb_g_ROM_AUTO_1R           |        0|   2|   1|    0|     8|    2|     1|           16|
    |tpgBarSelRgb_r_U           |tpgBackground_Pipeline_VITIS_LOOP_520_2_tpgBarSelRgb_r_ROM_AUTO_1R           |        0|   2|   1|    0|     8|    2|     1|           16|
    |DPtpgBarSelRgb_VESA_r_U    |tpgBackground_Pipeline_VITIS_LOOP_520_2_tpgBarSelRgb_r_ROM_AUTO_1R           |        0|   2|   1|    0|     8|    2|     1|           16|
    |tpgBarSelYuv_u_U           |tpgBackground_Pipeline_VITIS_LOOP_520_2_tpgBarSelYuv_u_ROM_AUTO_1R           |        0|  10|   2|    0|     8|   10|     1|           80|
    |tpgBarSelYuv_v_U           |tpgBackground_Pipeline_VITIS_LOOP_520_2_tpgBarSelYuv_v_ROM_AUTO_1R           |        0|  10|   2|    0|     8|   10|     1|           80|
    |tpgBarSelYuv_y_U           |tpgBackground_Pipeline_VITIS_LOOP_520_2_tpgBarSelYuv_y_ROM_AUTO_1R           |        0|  10|   2|    0|     8|   10|     1|           80|
    |tpgCheckerBoardArray_U     |tpgBackground_Pipeline_VITIS_LOOP_520_2_tpgCheckerBoardArray_ROM_AUTO_1R     |        0|   2|   1|    0|    32|    2|     1|           64|
    |tpgSinTableArray_9bit_0_U  |tpgBackground_Pipeline_VITIS_LOOP_520_2_tpgSinTableArray_9bit_0_ROM_AUTO_1R  |        2|   0|   0|    0|   410|    8|     1|         3280|
    |tpgSinTableArray_9bit_1_U  |tpgBackground_Pipeline_VITIS_LOOP_520_2_tpgSinTableArray_9bit_1_ROM_AUTO_1R  |        2|   0|   0|    0|   410|    8|     1|         3280|
    |tpgSinTableArray_9bit_2_U  |tpgBackground_Pipeline_VITIS_LOOP_520_2_tpgSinTableArray_9bit_2_ROM_AUTO_1R  |        2|   0|   0|    0|   410|    9|     1|         3690|
    |tpgSinTableArray_9bit_3_U  |tpgBackground_Pipeline_VITIS_LOOP_520_2_tpgSinTableArray_9bit_3_ROM_AUTO_1R  |        2|   0|   0|    0|   410|    8|     1|         3280|
    |tpgSinTableArray_9bit_4_U  |tpgBackground_Pipeline_VITIS_LOOP_520_2_tpgSinTableArray_9bit_4_ROM_AUTO_1R  |        2|   0|   0|    0|   410|    8|     1|         3280|
    |tpgSinTableArray_U         |tpgBackground_Pipeline_VITIS_LOOP_520_2_tpgSinTableArray_ROM_AUTO_1R         |        3|   0|   0|    0|  2048|   20|     1|        40960|
    |tpgTartanBarArray_U        |tpgBackground_Pipeline_VITIS_LOOP_520_2_tpgTartanBarArray_ROM_AUTO_1R        |        0|   3|   3|    0|    64|    3|     1|          192|
    |whiYuv_U                   |tpgBackground_Pipeline_VITIS_LOOP_520_2_whiYuv_ROM_AUTO_1R                   |        0|  10|   1|    0|     3|   10|     1|           30|
    |whiYuv_1_U                 |tpgBackground_Pipeline_VITIS_LOOP_520_2_whiYuv_ROM_AUTO_1R                   |        0|  10|   1|    0|     3|   10|     1|           30|
    +---------------------------+-----------------------------------------------------------------------------+---------+----+----+-----+------+-----+------+-------------+
    |Total                      |                                                                             |       13| 204|  39|    0|  4375|  265|    34|        59292|
    +---------------------------+-----------------------------------------------------------------------------+---------+----+----+-----+------+-----+------+-------------+

    * FIFO: 
    N/A

    * Expression: 
    +------------------------------------+----------+----+----+----+------------+------------+
    |            Variable Name           | Operation| DSP| FF | LUT| Bitwidth P0| Bitwidth P1|
    +------------------------------------+----------+----+----+----+------------+------------+
    |add_ln1039_fu_4675_p2               |         +|   0|   0|  17|          10|           1|
    |add_ln1056_fu_3882_p2               |         +|   0|   0|  17|          10|           1|
    |add_ln1212_fu_3522_p2               |         +|   0|   0|  10|           3|           1|
    |add_ln1236_1_fu_2944_p2             |         +|   0|   0|  23|          16|          10|
    |add_ln1236_fu_2832_p2               |         +|   0|   0|  39|          32|          10|
    |add_ln1240_1_fu_2898_p2             |         +|   0|   0|  39|          32|          10|
    |add_ln1240_2_fu_2970_p2             |         +|   0|   0|  23|          16|          10|
    |add_ln1240_fu_2147_p2               |         +|   0|   0|  18|          11|          10|
    |add_ln1244_1_fu_3034_p2             |         +|   0|   0|  39|          32|          10|
    |add_ln1244_2_fu_3104_p2             |         +|   0|   0|  23|          16|          10|
    |add_ln1244_fu_2409_p2               |         +|   0|   0|  18|          11|          11|
    |add_ln1257_2_fu_4382_p2             |         +|   0|   0|  32|          25|          25|
    |add_ln1257_3_fu_4388_p2             |         +|   0|   0|  25|          18|          18|
    |add_ln1258_2_fu_3708_p2             |         +|   0|   0|  32|          25|          25|
    |add_ln1259_2_fu_3748_p2             |         +|   0|   0|  32|          25|          25|
    |add_ln1259_fu_3735_p2               |         +|   0|   0|  31|          24|          18|
    |add_ln1296_fu_2668_p2               |         +|   0|   0|  23|          16|          16|
    |add_ln1298_fu_2680_p2               |         +|   0|   0|  23|          16|          16|
    |add_ln1348_fu_3327_p2               |         +|   0|   0|  10|           3|           1|
    |add_ln1367_fu_3363_p2               |         +|   0|   0|  10|           3|           1|
    |add_ln1500_fu_4337_p2               |         +|   0|   0|  17|          10|           1|
    |add_ln1530_fu_3256_p2               |         +|   0|   0|  15|           8|           1|
    |add_ln1548_fu_3288_p2               |         +|   0|   0|  10|           3|           1|
    |add_ln1664_fu_4039_p2               |         +|   0|   0|  23|          16|          16|
    |add_ln1730_fu_3208_p2               |         +|   0|   0|  10|           3|           1|
    |add_ln186_fu_2607_p2                |         +|   0|   0|  18|          11|           1|
    |add_ln520_fu_2087_p2                |         +|   0|   0|  23|          16|           1|
    |add_ln525_fu_2705_p2                |         +|   0|   0|  23|          16|          16|
    |add_ln840_1_fu_2365_p2              |         +|   0|   0|  17|          10|           1|
    |add_ln840_2_fu_2329_p2              |         +|   0|   0|  13|           6|           1|
    |add_ln840_3_fu_2438_p2              |         +|   0|   0|  17|          10|           1|
    |add_ln840_4_fu_2576_p2              |         +|   0|   0|  17|          10|           1|
    |add_ln840_5_fu_2397_p2              |         +|   0|   0|  17|          10|           1|
    |add_ln840_6_fu_3230_p2              |         +|   0|   0|  13|           6|           1|
    |add_ln840_7_fu_2508_p2              |         +|   0|   0|  17|          10|           1|
    |add_ln840_fu_2544_p2                |         +|   0|   0|  17|          10|           1|
    |add_ln841_fu_3192_p2                |         +|   0|   0|  17|          10|           7|
    |grp_fu_4800_p2                      |         +|   0|   0|  23|          16|          16|
    |outpix_val_V_56_fu_4575_p2          |         +|   0|   0|  15|           8|           8|
    |ret_V_fu_2596_p2                    |         +|   0|   0|  19|          12|           1|
    |ap_frp_data_req_srcYUV              |         -|   0|  26|   7|           5|           1|
    |sub_ln1311_1_fu_4553_p2             |         -|   0|   0|  15|           1|           8|
    |sub_ln1311_fu_3819_p2               |         -|   0|   0|  34|           1|          27|
    |sub_ln186_fu_2613_p2                |         -|   0|   0|  18|          11|          11|
    |sub_ln841_1_fu_2386_p2              |         -|   0|   0|  17|          10|          10|
    |sub_ln841_2_fu_2490_p2              |         -|   0|   0|  17|          10|          10|
    |sub_ln841_fu_2565_p2                |         -|   0|   0|  17|          10|          10|
    |and_ln1219_1_fu_4622_p2             |       and|   0|   0|   2|           1|           1|
    |and_ln1219_fu_4617_p2               |       and|   0|   0|   2|           1|           1|
    |and_ln1292_fu_2231_p2               |       and|   0|   0|   2|           1|           1|
    |and_ln1336_1_fu_4529_p2             |       and|   0|   0|   2|           1|           1|
    |and_ln1336_fu_4524_p2               |       and|   0|   0|   2|           1|           1|
    |and_ln1341_fu_2533_p2               |       and|   0|   0|   2|           1|           1|
    |and_ln1404_fu_2165_p2               |       and|   0|   0|   2|           1|           1|
    |and_ln1409_fu_2433_p2               |       and|   0|   0|   2|           1|           1|
    |and_ln1518_1_fu_4299_p2             |       and|   0|   0|   2|           1|           1|
    |and_ln1518_fu_4294_p2               |       and|   0|   0|   2|           1|           1|
    |and_ln1523_fu_2354_p2               |       and|   0|   0|   2|           1|           1|
    |and_ln1662_fu_4014_p2               |       and|   0|   0|   2|           1|           1|
    |and_ln1706_fu_2318_p2               |       and|   0|   0|   2|           1|           1|
    |and_ln1756_fu_3672_p2               |       and|   0|   0|   2|           1|           1|
    |and_ln1817_fu_4220_p2               |       and|   0|   0|   2|           1|           1|
    |and_ln691_1_fu_2285_p2              |       and|   0|   0|   2|           1|           1|
    |and_ln691_fu_2279_p2                |       and|   0|   0|   2|           1|           1|
    |ap_block_state20_pp0_stage0_iter19  |       and|   0|   0|   2|           1|           1|
    |ap_condition_2099                   |       and|   0|   0|   2|           1|           1|
    |ap_condition_2107                   |       and|   0|   0|   2|           1|           1|
    |ap_condition_2115                   |       and|   0|   0|   2|           1|           1|
    |ap_condition_2123                   |       and|   0|   0|   2|           1|           1|
    |ap_condition_2131                   |       and|   0|   0|   2|           1|           1|
    |ap_condition_2627                   |       and|   0|   0|   2|           1|           1|
    |ap_condition_2651                   |       and|   0|   0|   2|           1|           1|
    |ap_condition_2867                   |       and|   0|   0|   2|           1|           1|
    |ap_condition_2869                   |       and|   0|   0|   2|           1|           1|
    |ap_condition_5445                   |       and|   0|   0|   2|           1|           1|
    |ap_condition_5447                   |       and|   0|   0|   2|           1|           1|
    |ap_condition_5449                   |       and|   0|   0|   2|           1|           1|
    |ap_condition_5451                   |       and|   0|   0|   2|           1|           1|
    |ap_condition_5453                   |       and|   0|   0|   2|           1|           1|
    |ap_condition_5454                   |       and|   0|   0|   2|           1|           1|
    |ap_condition_5455                   |       and|   0|   0|   2|           1|           1|
    |ap_condition_5456                   |       and|   0|   0|   2|           1|           1|
    |ap_condition_5457                   |       and|   0|   0|   2|           1|           1|
    |ap_condition_5458                   |       and|   0|   0|   2|           1|           1|
    |ap_condition_5459                   |       and|   0|   0|   2|           1|           1|
    |ap_condition_5683                   |       and|   0|   0|   2|           1|           1|
    |ap_condition_5687                   |       and|   0|   0|   2|           1|           1|
    |ap_condition_5693                   |       and|   0|   0|   2|           1|           1|
    |ap_condition_5697                   |       and|   0|   0|   2|           1|           1|
    |ap_condition_5703                   |       and|   0|   0|   2|           1|           1|
    |ap_condition_5707                   |       and|   0|   0|   2|           1|           1|
    |ap_condition_5712                   |       and|   0|   0|   2|           1|           1|
    |ap_condition_5717                   |       and|   0|   0|   2|           1|           1|
    |ap_condition_5722                   |       and|   0|   0|   2|           1|           1|
    |ap_condition_5728                   |       and|   0|   0|   2|           1|           1|
    |ap_condition_5729                   |       and|   0|   0|   2|           1|           1|
    |ap_condition_5733                   |       and|   0|   0|   2|           1|           1|
    |ap_condition_5736                   |       and|   0|   0|   2|           1|           1|
    |ap_condition_5739                   |       and|   0|   0|   2|           1|           1|
    |ap_condition_5742                   |       and|   0|   0|   2|           1|           1|
    |ap_condition_5750                   |       and|   0|   0|   2|           1|           1|
    |ap_condition_5754                   |       and|   0|   0|   2|           1|           1|
    |ap_condition_5760                   |       and|   0|   0|   2|           1|           1|
    |ap_condition_5764                   |       and|   0|   0|   2|           1|           1|
    |ap_condition_5770                   |       and|   0|   0|   2|           1|           1|
    |ap_condition_5774                   |       and|   0|   0|   2|           1|           1|
    |ap_condition_5778                   |       and|   0|   0|   2|           1|           1|
    |ap_condition_5782                   |       and|   0|   0|   2|           1|           1|
    |ap_condition_5786                   |       and|   0|   0|   2|           1|           1|
    |ap_condition_5792                   |       and|   0|   0|   2|           1|           1|
    |ap_condition_5798                   |       and|   0|   0|   2|           1|           1|
    |ap_condition_5802                   |       and|   0|   0|   2|           1|           1|
    |ap_condition_5806                   |       and|   0|   0|   2|           1|           1|
    |ap_condition_646                    |       and|   0|   0|   2|           1|           1|
    |ap_condition_649                    |       and|   0|   0|   2|           1|           1|
    |ap_condition_frp_pvb_pf_start       |       and|   0|   0|   2|           1|           1|
    |ap_predicate_op126_call_state1      |       and|   0|   0|   2|           1|           1|
    |ap_predicate_op277_call_state4      |       and|   0|   0|   2|           1|           1|
    |ap_predicate_op625_read_state20     |       and|   0|   0|   2|           1|           1|
    |pf_all_done                         |       and|   0|   0|   2|           1|           0|
    |icmp_ln1019_1_fu_2484_p2            |      icmp|   0|   0|  11|          10|          10|
    |icmp_ln1019_fu_2428_p2              |      icmp|   0|   0|  11|          11|          11|
    |icmp_ln1027_1_fu_2602_p2            |      icmp|   0|   0|  12|          12|          12|
    |icmp_ln1027_2_fu_2528_p2            |      icmp|   0|   0|  11|          11|          11|
    |icmp_ln1027_3_fu_2349_p2            |      icmp|   0|   0|  11|          11|          11|
    |icmp_ln1027_4_fu_2312_p2            |      icmp|   0|   0|  10|           6|           2|
    |icmp_ln1027_5_fu_2560_p2            |      icmp|   0|   0|  11|          10|          10|
    |icmp_ln1027_6_fu_2381_p2            |      icmp|   0|   0|  11|          10|          10|
    |icmp_ln1027_7_fu_3182_p2            |      icmp|   0|   0|  11|          10|           6|
    |icmp_ln1027_8_fu_2478_p2            |      icmp|   0|   0|  11|          10|          10|
    |icmp_ln1027_fu_2081_p2              |      icmp|   0|   0|  13|          16|           1|
    |icmp_ln1050_fu_2255_p2              |      icmp|   0|   0|  13|          16|           1|
    |icmp_ln1236_fu_2939_p2              |      icmp|   0|   0|  15|          22|           1|
    |icmp_ln1240_fu_2965_p2              |      icmp|   0|   0|  15|          22|           1|
    |icmp_ln1244_fu_3099_p2              |      icmp|   0|   0|  15|          22|           1|
    |icmp_ln1260_fu_4403_p2              |      icmp|   0|   0|  10|           7|           1|
    |icmp_ln1261_1_fu_4433_p2            |      icmp|   0|   0|  13|          17|           1|
    |icmp_ln1261_fu_3774_p2              |      icmp|   0|   0|  10|           7|           1|
    |icmp_ln1262_1_fu_4457_p2            |      icmp|   0|   0|  13|          17|           1|
    |icmp_ln1262_fu_3790_p2              |      icmp|   0|   0|  10|           7|           1|
    |icmp_ln1285_fu_2225_p2              |      icmp|   0|   0|  13|          16|           1|
    |icmp_ln1336_fu_2201_p2              |      icmp|   0|   0|  13|          16|           1|
    |icmp_ln1428_fu_2177_p2              |      icmp|   0|   0|  13|          17|          17|
    |icmp_ln1518_fu_2123_p2              |      icmp|   0|   0|  13|          16|           1|
    |icmp_ln1629_fu_2111_p2              |      icmp|   0|   0|  11|           8|           1|
    |icmp_ln1701_fu_2099_p2              |      icmp|   0|   0|  13|          16|           1|
    |icmp_ln520_fu_2075_p2               |      icmp|   0|   0|  13|          16|          16|
    |icmp_ln691_1_fu_2261_p2             |      icmp|   0|   0|  13|          16|          16|
    |icmp_ln691_2_fu_2273_p2             |      icmp|   0|   0|  13|          16|          16|
    |ap_condition_3357                   |        or|   0|   0|   2|           1|           1|
    |ap_condition_3362                   |        or|   0|   0|   2|           1|           1|
    |ap_condition_3374                   |        or|   0|   0|   2|           1|           1|
    |ap_condition_3379                   |        or|   0|   0|   2|           1|           1|
    |or_ln1050_fu_2249_p2                |        or|   0|   0|  16|          16|          16|
    |or_ln1285_fu_2219_p2                |        or|   0|   0|  16|          16|          16|
    |or_ln1336_fu_2195_p2                |        or|   0|   0|  16|          16|          16|
    |or_ln1370_fu_3495_p2                |        or|   0|   0|   6|           6|           6|
    |or_ln1449_fu_2634_p2                |        or|   0|   0|   2|           1|           1|
    |or_ln1518_fu_2117_p2                |        or|   0|   0|  16|          16|          16|
    |or_ln1701_fu_2093_p2                |        or|   0|   0|  16|          16|          16|
    |or_ln1733_fu_3415_p2                |        or|   0|   0|   4|           4|           4|
    |or_ln691_fu_2297_p2                 |        or|   0|   0|   2|           1|           1|
    |tBarSel_fu_3450_p2                  |        or|   0|   0|   5|           5|           5|
    |b_1_fu_4467_p3                      |    select|   0|   0|  10|           1|          10|
    |b_fu_3110_p3                        |    select|   0|   0|  16|           1|          10|
    |g_1_fu_4443_p3                      |    select|   0|   0|  10|           1|          10|
    |g_2_fu_4482_p3                      |    select|   0|   0|  10|           1|          10|
    |g_fu_2976_p3                        |    select|   0|   0|  16|           1|          10|
    |grp_fu_1972_p3                      |    select|   0|   0|   3|           1|           3|
    |op_assign_2_fu_3979_p3              |    select|   0|   0|  16|           1|          16|
    |outpix_val_V_18_fu_4662_p3          |    select|   0|   0|  10|           1|          10|
    |outpix_val_V_19_fu_4668_p3          |    select|   0|   0|  10|           1|          10|
    |outpix_val_V_27_fu_4324_p3          |    select|   0|   0|  10|           1|          10|
    |outpix_val_V_28_fu_4330_p3          |    select|   0|   0|  10|           1|          10|
    |outpix_val_V_33_fu_4596_p3          |    select|   0|   0|  10|           1|          10|
    |outpix_val_V_35_fu_4506_p3          |    select|   0|   0|  10|           1|          10|
    |outpix_val_V_37_fu_4276_p3          |    select|   0|   0|  10|           1|          10|
    |outpix_val_V_48_fu_4261_p3          |    select|   0|   0|  10|           1|          10|
    |outpix_val_V_51_fu_4027_p2          |    select|   0|   0|  10|           1|           1|
    |outpix_val_V_51_fu_4027_p3          |    select|   0|   0|  10|           1|           1|
    |outpix_val_V_51_fu_4027_p4          |    select|   0|   0|   3|           1|           3|
    |outpix_val_V_55_fu_4647_p3          |    select|   0|   0|  10|           1|          10|
    |outpix_val_V_57_fu_4585_p3          |    select|   0|   0|  10|           1|          10|
    |outpix_val_V_58_fu_4627_p3          |    select|   0|   0|  10|           1|          10|
    |outpix_val_V_59_fu_4534_p3          |    select|   0|   0|  10|           1|          10|
    |outpix_val_V_60_fu_4304_p3          |    select|   0|   0|  10|           1|          10|
    |outpix_val_V_61_fu_4728_p3          |    select|   0|   0|  10|           1|          10|
    |outpix_val_V_62_fu_4721_p3          |    select|   0|   0|  10|           1|          10|
    |outpix_val_V_63_fu_4714_p3          |    select|   0|   0|  10|           1|          10|
    |outpix_val_V_64_fu_4489_p3          |    select|   0|   0|  10|           1|          10|
    |outpix_val_V_65_fu_4475_p3          |    select|   0|   0|  10|           1|          10|
    |r_1_fu_4419_p3                      |    select|   0|   0|  10|           1|           2|
    |r_fu_2950_p3                        |    select|   0|   0|  16|           1|          10|
    |select_ln1099_fu_3603_p3            |    select|   0|   0|   3|           1|           3|
    |select_ln1120_fu_3592_p3            |    select|   0|   0|   3|           1|           3|
    |select_ln1141_fu_3581_p3            |    select|   0|   0|   3|           1|           3|
    |select_ln1162_fu_3570_p3            |    select|   0|   0|   3|           1|           3|
    |select_ln1183_fu_3559_p3            |    select|   0|   0|   3|           1|           3|
    |select_ln1217_fu_4610_p3            |    select|   0|   0|  10|           1|          10|
    |select_ln1261_fu_4427_p3            |    select|   0|   0|  16|           1|          10|
    |select_ln1262_fu_4451_p3            |    select|   0|   0|  16|           1|          10|
    |select_ln1311_fu_4567_p3            |    select|   0|   0|   8|           1|           8|
    |select_ln1377_fu_4517_p3            |    select|   0|   0|  10|           1|          10|
    |select_ln1558_fu_4287_p3            |    select|   0|   0|  10|           1|          10|
    |select_ln1629_fu_3972_p3            |    select|   0|   0|  16|           1|           9|
    |select_ln1633_fu_3965_p3            |    select|   0|   0|  16|           1|           1|
    |select_ln507_1_fu_3953_p3           |    select|   0|   0|   2|           1|           2|
    |tmp_val_4_fu_4004_p3                |    select|   0|   0|  10|           1|           1|
    |ap_enable_pp0                       |       xor|   0|   0|   2|           1|           2|
    |xor_ln1498_1_fu_4133_p2             |       xor|   0|   0|   2|           1|           1|
    |xor_ln1498_2_fu_4179_p2             |       xor|   0|   0|   2|           1|           1|
    |xor_ln1498_fu_4087_p2               |       xor|   0|   0|   2|           1|           1|
    |xor_ln1713_fu_3146_p2               |       xor|   0|   0|   2|           1|           2|
    |xor_ln691_1_fu_2267_p2              |       xor|   0|   0|   2|           1|           2|
    |xor_ln691_fu_2291_p2                |       xor|   0|   0|   2|           2|           1|
    +------------------------------------+----------+----+----+----+------------+------------+
    |Total                               |          |   0|  26|2008|        1211|        1092|
    +------------------------------------+----------+----+----+----+------------+------------+

    * Multiplexer: 
    +------------------------------------------------+-----+-----------+-----+-----------+
    |                      Name                      | LUT | Input Size| Bits| Total Bits|
    +------------------------------------------------+-----+-----------+-----+-----------+
    |ap_frp_data_req_srcYUV                          |    9|          2|    5|         10|
    |ap_phi_mux_outpix_val_V_39_phi_fu_1851_p78      |   14|          3|   10|         30|
    |ap_phi_mux_outpix_val_V_40_phi_fu_1759_p78      |   20|          4|   10|         40|
    |ap_phi_mux_outpix_val_V_41_phi_fu_1674_p78      |   14|          3|   10|         30|
    |ap_phi_mux_outpix_val_V_45_phi_fu_1964_p4       |   14|          3|   10|         30|
    |ap_phi_mux_outpix_val_V_46_phi_fu_1953_p4       |   14|          3|   10|         30|
    |ap_phi_mux_outpix_val_V_47_phi_fu_1942_p4       |   14|          3|   10|         30|
    |ap_phi_reg_pp0_iter19_phi_ln1099_reg_1660       |    9|          2|    2|          4|
    |ap_phi_reg_pp0_iter19_phi_ln1120_reg_1649       |    9|          2|    2|          4|
    |ap_phi_reg_pp0_iter19_phi_ln1141_reg_1638       |    9|          2|    2|          4|
    |ap_phi_reg_pp0_iter19_phi_ln1162_reg_1627       |    9|          2|    2|          4|
    |ap_phi_reg_pp0_iter19_phi_ln1183_reg_1616       |    9|          2|    2|          4|
    |ap_phi_reg_pp0_iter19_phi_ln1459_reg_1605       |    9|          2|    2|          4|
    |ap_phi_reg_pp0_iter19_phi_ln1474_reg_1594       |    9|          2|    2|          4|
    |ap_phi_reg_pp0_iter1_hHatch_reg_1572            |    9|          2|    1|          2|
    |ap_phi_reg_pp0_iter1_outpix_val_V_39_reg_1846   |   37|          7|   10|         70|
    |ap_phi_reg_pp0_iter1_outpix_val_V_40_reg_1754   |   20|          4|   10|         40|
    |ap_phi_reg_pp0_iter1_outpix_val_V_41_reg_1671   |   37|          7|   10|         70|
    |ap_phi_reg_pp0_iter1_phi_ln1099_reg_1660        |    9|          2|    2|          4|
    |ap_phi_reg_pp0_iter1_phi_ln1120_reg_1649        |    9|          2|    2|          4|
    |ap_phi_reg_pp0_iter1_phi_ln1141_reg_1638        |    9|          2|    2|          4|
    |ap_phi_reg_pp0_iter1_phi_ln1162_reg_1627        |    9|          2|    2|          4|
    |ap_phi_reg_pp0_iter1_phi_ln1183_reg_1616        |    9|          2|    2|          4|
    |ap_phi_reg_pp0_iter21_outpix_val_V_39_reg_1846  |  106|         21|   10|        210|
    |ap_phi_reg_pp0_iter21_outpix_val_V_40_reg_1754  |  125|         25|   10|        250|
    |ap_phi_reg_pp0_iter21_outpix_val_V_41_reg_1671  |  111|         22|   10|        220|
    |ap_phi_reg_pp0_iter2_hHatch_reg_1572            |   14|          3|    1|          3|
    |ap_phi_reg_pp0_iter3_outpix_val_V_39_reg_1846   |   14|          3|   10|         30|
    |ap_phi_reg_pp0_iter3_outpix_val_V_40_reg_1754   |   14|          3|   10|         30|
    |ap_phi_reg_pp0_iter3_outpix_val_V_41_reg_1671   |   14|          3|   10|         30|
    |ap_phi_reg_pp0_iter3_phi_ln1459_reg_1605        |    9|          2|    2|          4|
    |ap_phi_reg_pp0_iter3_phi_ln1474_reg_1594        |    9|          2|    2|          4|
    |ap_sig_allocacmp_x_2                            |    9|          2|   16|         32|
    |hBarSel                                         |   14|          3|    3|          9|
    |hBarSel_1                                       |   14|          3|    3|          9|
    |hBarSel_2                                       |   14|          3|    8|         24|
    |hBarSel_3                                       |   14|          3|    3|          9|
    |hBarSel_3_loc_1_out_o                           |   14|          3|    8|         24|
    |hBarSel_4_loc_1_out_o                           |   14|          3|    8|         24|
    |hBarSel_5_loc_1_out_o                           |   14|          3|    8|         24|
    |hBarSel_loc_1_out_o                             |   14|          3|    8|         24|
    |hdata_flag_1_fu_554                             |    9|          2|    1|          2|
    |hdata_loc_1_out_o                               |    9|          2|   16|         32|
    |outpix_val_V_3_fu_562                           |    9|          2|   10|         20|
    |outpix_val_V_45_reg_1961                        |   14|          3|   10|         30|
    |outpix_val_V_46_reg_1950                        |   14|          3|   10|         30|
    |outpix_val_V_47_reg_1939                        |   14|          3|   10|         30|
    |outpix_val_V_4_fu_566                           |    9|          2|   10|         20|
    |outpix_val_V_8_fu_570                           |    9|          2|   10|         20|
    |p_0_0_0_0_0129359_out_o                         |    9|          2|   10|         20|
    |p_0_1_0_0_0131361_out_o                         |    9|          2|   10|         20|
    |p_0_2_0_0_0133363_out_o                         |    9|          2|   10|         20|
    |phi_mul_fu_542                                  |    9|          2|   16|         32|
    |rampVal                                         |   14|          3|   10|         30|
    |rampVal_2_flag_1_fu_550                         |    9|          2|    1|          2|
    |rampVal_2_loc_1_out_o                           |    9|          2|   16|         32|
    |rampVal_3_flag_1_fu_558                         |    9|          2|    1|          2|
    |rampVal_3_loc_1_out_o                           |    9|          2|   16|         32|
    |rampVal_loc_1_out_o                             |   14|          3|   16|         48|
    |tpgBarSelRgb_b_address0                         |   20|          4|    3|         12|
    |tpgBarSelRgb_g_address0                         |   20|          4|    3|         12|
    |tpgBarSelRgb_r_address0                         |   20|          4|    3|         12|
    |tpgBarSelYuv_u_address0                         |   20|          4|    3|         12|
    |tpgBarSelYuv_v_address0                         |   20|          4|    3|         12|
    |tpgBarSelYuv_y_address0                         |   20|          4|    3|         12|
    |vBarSel                                         |   14|          3|    3|          9|
    |vBarSel_1                                       |   14|          3|    1|          3|
    |vBarSel_2                                       |   14|          3|    8|         24|
    |vBarSel_2_loc_1_out_o                           |   14|          3|    8|         24|
    |vBarSel_3_loc_1_out_o                           |   14|          3|    8|         24|
    |vBarSel_loc_1_out_o                             |   14|          3|    8|         24|
    |xBar_V                                          |   14|          3|   11|         33|
    |xCount_V                                        |   14|          3|   10|         30|
    |xCount_V_1                                      |   14|          3|   10|         30|
    |xCount_V_2                                      |   26|          5|   10|         50|
    |xCount_V_3                                      |   14|          3|   10|         30|
    |x_fu_546                                        |    9|          2|   16|         32|
    |yCount_V                                        |   14|          3|   10|         30|
    |yCount_V_1                                      |   14|          3|    6|         18|
    |yCount_V_2                                      |    9|          2|   10|         20|
    |yCount_V_3                                      |   14|          3|   10|         30|
    |zonePlateVAddr                                  |   14|          3|   16|         48|
    |zonePlateVAddr_loc_1_out_o                      |   14|          3|   16|         48|
    |zonePlateVDelta                                 |    9|          2|   16|         32|
    +------------------------------------------------+-----+-----------+-----+-----------+
    |Total                                           | 1417|        296|  638|       2423|
    +------------------------------------------------+-----+-----------+-----+-----------+

    * Register: 
    +------------------------------------------------+----+----+-----+-----------+
    |                      Name                      | FF | LUT| Bits| Const Bits|
    +------------------------------------------------+----+----+-----+-----------+
    |Zplate_Hor_Control_Delta_read_reg_5014          |  16|   0|   16|          0|
    |Zplate_Hor_Control_Start_read_reg_5066          |  16|   0|   16|          0|
    |Zplate_Ver_Control_Delta_read_reg_5009          |  16|   0|   16|          0|
    |add_ln1240_reg_5217                             |  11|   0|   11|          0|
    |add_ln1244_reg_5266                             |  11|   0|   11|          0|
    |add_ln1257_1_reg_5637                           |  24|   0|   24|          0|
    |and_ln1292_reg_5239                             |   1|   0|    1|          0|
    |and_ln1341_reg_5283                             |   1|   0|    1|          0|
    |and_ln1404_reg_5223                             |   1|   0|    1|          0|
    |and_ln1523_reg_5258                             |   1|   0|    1|          0|
    |and_ln1706_reg_5254                             |   1|   0|    1|          0|
    |and_ln1756_reg_5543                             |   1|   0|    1|          0|
    |ap_CS_fsm                                       |   1|   0|    1|          0|
    |ap_frp_data_req_srcYUV                          |   5|   0|    5|          0|
    |ap_loop_exit_ready_pp0_iter10_reg               |   1|   0|    1|          0|
    |ap_loop_exit_ready_pp0_iter11_reg               |   1|   0|    1|          0|
    |ap_loop_exit_ready_pp0_iter12_reg               |   1|   0|    1|          0|
    |ap_loop_exit_ready_pp0_iter13_reg               |   1|   0|    1|          0|
    |ap_loop_exit_ready_pp0_iter14_reg               |   1|   0|    1|          0|
    |ap_loop_exit_ready_pp0_iter15_reg               |   1|   0|    1|          0|
    |ap_loop_exit_ready_pp0_iter16_reg               |   1|   0|    1|          0|
    |ap_loop_exit_ready_pp0_iter17_reg               |   1|   0|    1|          0|
    |ap_loop_exit_ready_pp0_iter18_reg               |   1|   0|    1|          0|
    |ap_loop_exit_ready_pp0_iter19_reg               |   1|   0|    1|          0|
    |ap_loop_exit_ready_pp0_iter1_reg                |   1|   0|    1|          0|
    |ap_loop_exit_ready_pp0_iter20_reg               |   1|   0|    1|          0|
    |ap_loop_exit_ready_pp0_iter21_reg               |   1|   0|    1|          0|
    |ap_loop_exit_ready_pp0_iter2_reg                |   1|   0|    1|          0|
    |ap_loop_exit_ready_pp0_iter3_reg                |   1|   0|    1|          0|
    |ap_loop_exit_ready_pp0_iter4_reg                |   1|   0|    1|          0|
    |ap_loop_exit_ready_pp0_iter5_reg                |   1|   0|    1|          0|
    |ap_loop_exit_ready_pp0_iter6_reg                |   1|   0|    1|          0|
    |ap_loop_exit_ready_pp0_iter7_reg                |   1|   0|    1|          0|
    |ap_loop_exit_ready_pp0_iter8_reg                |   1|   0|    1|          0|
    |ap_loop_exit_ready_pp0_iter9_reg                |   1|   0|    1|          0|
    |ap_phi_reg_pp0_iter10_outpix_val_V_39_reg_1846  |  10|   0|   10|          0|
    |ap_phi_reg_pp0_iter10_outpix_val_V_40_reg_1754  |  10|   0|   10|          0|
    |ap_phi_reg_pp0_iter10_outpix_val_V_41_reg_1671  |  10|   0|   10|          0|
    |ap_phi_reg_pp0_iter10_phi_ln1099_reg_1660       |   2|   0|    2|          0|
    |ap_phi_reg_pp0_iter10_phi_ln1120_reg_1649       |   2|   0|    2|          0|
    |ap_phi_reg_pp0_iter10_phi_ln1141_reg_1638       |   2|   0|    2|          0|
    |ap_phi_reg_pp0_iter10_phi_ln1162_reg_1627       |   2|   0|    2|          0|
    |ap_phi_reg_pp0_iter10_phi_ln1183_reg_1616       |   2|   0|    2|          0|
    |ap_phi_reg_pp0_iter10_phi_ln1459_reg_1605       |   2|   0|    2|          0|
    |ap_phi_reg_pp0_iter10_phi_ln1474_reg_1594       |   2|   0|    2|          0|
    |ap_phi_reg_pp0_iter11_outpix_val_V_39_reg_1846  |  10|   0|   10|          0|
    |ap_phi_reg_pp0_iter11_outpix_val_V_40_reg_1754  |  10|   0|   10|          0|
    |ap_phi_reg_pp0_iter11_outpix_val_V_41_reg_1671  |  10|   0|   10|          0|
    |ap_phi_reg_pp0_iter11_phi_ln1099_reg_1660       |   2|   0|    2|          0|
    |ap_phi_reg_pp0_iter11_phi_ln1120_reg_1649       |   2|   0|    2|          0|
    |ap_phi_reg_pp0_iter11_phi_ln1141_reg_1638       |   2|   0|    2|          0|
    |ap_phi_reg_pp0_iter11_phi_ln1162_reg_1627       |   2|   0|    2|          0|
    |ap_phi_reg_pp0_iter11_phi_ln1183_reg_1616       |   2|   0|    2|          0|
    |ap_phi_reg_pp0_iter11_phi_ln1459_reg_1605       |   2|   0|    2|          0|
    |ap_phi_reg_pp0_iter11_phi_ln1474_reg_1594       |   2|   0|    2|          0|
    |ap_phi_reg_pp0_iter12_outpix_val_V_39_reg_1846  |  10|   0|   10|          0|
    |ap_phi_reg_pp0_iter12_outpix_val_V_40_reg_1754  |  10|   0|   10|          0|
    |ap_phi_reg_pp0_iter12_outpix_val_V_41_reg_1671  |  10|   0|   10|          0|
    |ap_phi_reg_pp0_iter12_phi_ln1099_reg_1660       |   2|   0|    2|          0|
    |ap_phi_reg_pp0_iter12_phi_ln1120_reg_1649       |   2|   0|    2|          0|
    |ap_phi_reg_pp0_iter12_phi_ln1141_reg_1638       |   2|   0|    2|          0|
    |ap_phi_reg_pp0_iter12_phi_ln1162_reg_1627       |   2|   0|    2|          0|
    |ap_phi_reg_pp0_iter12_phi_ln1183_reg_1616       |   2|   0|    2|          0|
    |ap_phi_reg_pp0_iter12_phi_ln1459_reg_1605       |   2|   0|    2|          0|
    |ap_phi_reg_pp0_iter12_phi_ln1474_reg_1594       |   2|   0|    2|          0|
    |ap_phi_reg_pp0_iter13_outpix_val_V_39_reg_1846  |  10|   0|   10|          0|
    |ap_phi_reg_pp0_iter13_outpix_val_V_40_reg_1754  |  10|   0|   10|          0|
    |ap_phi_reg_pp0_iter13_outpix_val_V_41_reg_1671  |  10|   0|   10|          0|
    |ap_phi_reg_pp0_iter13_phi_ln1099_reg_1660       |   2|   0|    2|          0|
    |ap_phi_reg_pp0_iter13_phi_ln1120_reg_1649       |   2|   0|    2|          0|
    |ap_phi_reg_pp0_iter13_phi_ln1141_reg_1638       |   2|   0|    2|          0|
    |ap_phi_reg_pp0_iter13_phi_ln1162_reg_1627       |   2|   0|    2|          0|
    |ap_phi_reg_pp0_iter13_phi_ln1183_reg_1616       |   2|   0|    2|          0|
    |ap_phi_reg_pp0_iter13_phi_ln1459_reg_1605       |   2|   0|    2|          0|
    |ap_phi_reg_pp0_iter13_phi_ln1474_reg_1594       |   2|   0|    2|          0|
    |ap_phi_reg_pp0_iter14_outpix_val_V_39_reg_1846  |  10|   0|   10|          0|
    |ap_phi_reg_pp0_iter14_outpix_val_V_40_reg_1754  |  10|   0|   10|          0|
    |ap_phi_reg_pp0_iter14_outpix_val_V_41_reg_1671  |  10|   0|   10|          0|
    |ap_phi_reg_pp0_iter14_phi_ln1099_reg_1660       |   2|   0|    2|          0|
    |ap_phi_reg_pp0_iter14_phi_ln1120_reg_1649       |   2|   0|    2|          0|
    |ap_phi_reg_pp0_iter14_phi_ln1141_reg_1638       |   2|   0|    2|          0|
    |ap_phi_reg_pp0_iter14_phi_ln1162_reg_1627       |   2|   0|    2|          0|
    |ap_phi_reg_pp0_iter14_phi_ln1183_reg_1616       |   2|   0|    2|          0|
    |ap_phi_reg_pp0_iter14_phi_ln1459_reg_1605       |   2|   0|    2|          0|
    |ap_phi_reg_pp0_iter14_phi_ln1474_reg_1594       |   2|   0|    2|          0|
    |ap_phi_reg_pp0_iter15_outpix_val_V_39_reg_1846  |  10|   0|   10|          0|
    |ap_phi_reg_pp0_iter15_outpix_val_V_40_reg_1754  |  10|   0|   10|          0|
    |ap_phi_reg_pp0_iter15_outpix_val_V_41_reg_1671  |  10|   0|   10|          0|
    |ap_phi_reg_pp0_iter15_phi_ln1099_reg_1660       |   2|   0|    2|          0|
    |ap_phi_reg_pp0_iter15_phi_ln1120_reg_1649       |   2|   0|    2|          0|
    |ap_phi_reg_pp0_iter15_phi_ln1141_reg_1638       |   2|   0|    2|          0|
    |ap_phi_reg_pp0_iter15_phi_ln1162_reg_1627       |   2|   0|    2|          0|
    |ap_phi_reg_pp0_iter15_phi_ln1183_reg_1616       |   2|   0|    2|          0|
    |ap_phi_reg_pp0_iter15_phi_ln1459_reg_1605       |   2|   0|    2|          0|
    |ap_phi_reg_pp0_iter15_phi_ln1474_reg_1594       |   2|   0|    2|          0|
    |ap_phi_reg_pp0_iter16_outpix_val_V_39_reg_1846  |  10|   0|   10|          0|
    |ap_phi_reg_pp0_iter16_outpix_val_V_40_reg_1754  |  10|   0|   10|          0|
    |ap_phi_reg_pp0_iter16_outpix_val_V_41_reg_1671  |  10|   0|   10|          0|
    |ap_phi_reg_pp0_iter16_phi_ln1099_reg_1660       |   2|   0|    2|          0|
    |ap_phi_reg_pp0_iter16_phi_ln1120_reg_1649       |   2|   0|    2|          0|
    |ap_phi_reg_pp0_iter16_phi_ln1141_reg_1638       |   2|   0|    2|          0|
    |ap_phi_reg_pp0_iter16_phi_ln1162_reg_1627       |   2|   0|    2|          0|
    |ap_phi_reg_pp0_iter16_phi_ln1183_reg_1616       |   2|   0|    2|          0|
    |ap_phi_reg_pp0_iter16_phi_ln1459_reg_1605       |   2|   0|    2|          0|
    |ap_phi_reg_pp0_iter16_phi_ln1474_reg_1594       |   2|   0|    2|          0|
    |ap_phi_reg_pp0_iter17_outpix_val_V_39_reg_1846  |  10|   0|   10|          0|
    |ap_phi_reg_pp0_iter17_outpix_val_V_40_reg_1754  |  10|   0|   10|          0|
    |ap_phi_reg_pp0_iter17_outpix_val_V_41_reg_1671  |  10|   0|   10|          0|
    |ap_phi_reg_pp0_iter17_phi_ln1099_reg_1660       |   2|   0|    2|          0|
    |ap_phi_reg_pp0_iter17_phi_ln1120_reg_1649       |   2|   0|    2|          0|
    |ap_phi_reg_pp0_iter17_phi_ln1141_reg_1638       |   2|   0|    2|          0|
    |ap_phi_reg_pp0_iter17_phi_ln1162_reg_1627       |   2|   0|    2|          0|
    |ap_phi_reg_pp0_iter17_phi_ln1183_reg_1616       |   2|   0|    2|          0|
    |ap_phi_reg_pp0_iter17_phi_ln1459_reg_1605       |   2|   0|    2|          0|
    |ap_phi_reg_pp0_iter17_phi_ln1474_reg_1594       |   2|   0|    2|          0|
    |ap_phi_reg_pp0_iter18_outpix_val_V_39_reg_1846  |  10|   0|   10|          0|
    |ap_phi_reg_pp0_iter18_outpix_val_V_40_reg_1754  |  10|   0|   10|          0|
    |ap_phi_reg_pp0_iter18_outpix_val_V_41_reg_1671  |  10|   0|   10|          0|
    |ap_phi_reg_pp0_iter18_phi_ln1099_reg_1660       |   2|   0|    2|          0|
    |ap_phi_reg_pp0_iter18_phi_ln1120_reg_1649       |   2|   0|    2|          0|
    |ap_phi_reg_pp0_iter18_phi_ln1141_reg_1638       |   2|   0|    2|          0|
    |ap_phi_reg_pp0_iter18_phi_ln1162_reg_1627       |   2|   0|    2|          0|
    |ap_phi_reg_pp0_iter18_phi_ln1183_reg_1616       |   2|   0|    2|          0|
    |ap_phi_reg_pp0_iter18_phi_ln1459_reg_1605       |   2|   0|    2|          0|
    |ap_phi_reg_pp0_iter18_phi_ln1474_reg_1594       |   2|   0|    2|          0|
    |ap_phi_reg_pp0_iter19_outpix_val_V_39_reg_1846  |  10|   0|   10|          0|
    |ap_phi_reg_pp0_iter19_outpix_val_V_40_reg_1754  |  10|   0|   10|          0|
    |ap_phi_reg_pp0_iter19_outpix_val_V_41_reg_1671  |  10|   0|   10|          0|
    |ap_phi_reg_pp0_iter19_phi_ln1099_reg_1660       |   2|   0|    2|          0|
    |ap_phi_reg_pp0_iter19_phi_ln1120_reg_1649       |   2|   0|    2|          0|
    |ap_phi_reg_pp0_iter19_phi_ln1141_reg_1638       |   2|   0|    2|          0|
    |ap_phi_reg_pp0_iter19_phi_ln1162_reg_1627       |   2|   0|    2|          0|
    |ap_phi_reg_pp0_iter19_phi_ln1183_reg_1616       |   2|   0|    2|          0|
    |ap_phi_reg_pp0_iter19_phi_ln1459_reg_1605       |   2|   0|    2|          0|
    |ap_phi_reg_pp0_iter19_phi_ln1474_reg_1594       |   2|   0|    2|          0|
    |ap_phi_reg_pp0_iter1_hHatch_reg_1572            |   1|   0|    1|          0|
    |ap_phi_reg_pp0_iter1_outpix_val_V_39_reg_1846   |  10|   0|   10|          0|
    |ap_phi_reg_pp0_iter1_outpix_val_V_40_reg_1754   |  10|   0|   10|          0|
    |ap_phi_reg_pp0_iter1_outpix_val_V_41_reg_1671   |  10|   0|   10|          0|
    |ap_phi_reg_pp0_iter1_phi_ln1099_reg_1660        |   2|   0|    2|          0|
    |ap_phi_reg_pp0_iter1_phi_ln1120_reg_1649        |   2|   0|    2|          0|
    |ap_phi_reg_pp0_iter1_phi_ln1141_reg_1638        |   2|   0|    2|          0|
    |ap_phi_reg_pp0_iter1_phi_ln1162_reg_1627        |   2|   0|    2|          0|
    |ap_phi_reg_pp0_iter1_phi_ln1183_reg_1616        |   2|   0|    2|          0|
    |ap_phi_reg_pp0_iter1_phi_ln1459_reg_1605        |   2|   0|    2|          0|
    |ap_phi_reg_pp0_iter1_phi_ln1474_reg_1594        |   2|   0|    2|          0|
    |ap_phi_reg_pp0_iter20_outpix_val_V_39_reg_1846  |  10|   0|   10|          0|
    |ap_phi_reg_pp0_iter20_outpix_val_V_40_reg_1754  |  10|   0|   10|          0|
    |ap_phi_reg_pp0_iter20_outpix_val_V_41_reg_1671  |  10|   0|   10|          0|
    |ap_phi_reg_pp0_iter21_outpix_val_V_39_reg_1846  |  10|   0|   10|          0|
    |ap_phi_reg_pp0_iter21_outpix_val_V_40_reg_1754  |  10|   0|   10|          0|
    |ap_phi_reg_pp0_iter21_outpix_val_V_41_reg_1671  |  10|   0|   10|          0|
    |ap_phi_reg_pp0_iter2_hHatch_reg_1572            |   1|   0|    1|          0|
    |ap_phi_reg_pp0_iter2_outpix_val_V_39_reg_1846   |  10|   0|   10|          0|
    |ap_phi_reg_pp0_iter2_outpix_val_V_40_reg_1754   |  10|   0|   10|          0|
    |ap_phi_reg_pp0_iter2_outpix_val_V_41_reg_1671   |  10|   0|   10|          0|
    |ap_phi_reg_pp0_iter2_phi_ln1099_reg_1660        |   2|   0|    2|          0|
    |ap_phi_reg_pp0_iter2_phi_ln1120_reg_1649        |   2|   0|    2|          0|
    |ap_phi_reg_pp0_iter2_phi_ln1141_reg_1638        |   2|   0|    2|          0|
    |ap_phi_reg_pp0_iter2_phi_ln1162_reg_1627        |   2|   0|    2|          0|
    |ap_phi_reg_pp0_iter2_phi_ln1183_reg_1616        |   2|   0|    2|          0|
    |ap_phi_reg_pp0_iter2_phi_ln1459_reg_1605        |   2|   0|    2|          0|
    |ap_phi_reg_pp0_iter2_phi_ln1474_reg_1594        |   2|   0|    2|          0|
    |ap_phi_reg_pp0_iter3_outpix_val_V_39_reg_1846   |  10|   0|   10|          0|
    |ap_phi_reg_pp0_iter3_outpix_val_V_40_reg_1754   |  10|   0|   10|          0|
    |ap_phi_reg_pp0_iter3_outpix_val_V_41_reg_1671   |  10|   0|   10|          0|
    |ap_phi_reg_pp0_iter3_phi_ln1099_reg_1660        |   2|   0|    2|          0|
    |ap_phi_reg_pp0_iter3_phi_ln1120_reg_1649        |   2|   0|    2|          0|
    |ap_phi_reg_pp0_iter3_phi_ln1141_reg_1638        |   2|   0|    2|          0|
    |ap_phi_reg_pp0_iter3_phi_ln1162_reg_1627        |   2|   0|    2|          0|
    |ap_phi_reg_pp0_iter3_phi_ln1183_reg_1616        |   2|   0|    2|          0|
    |ap_phi_reg_pp0_iter3_phi_ln1459_reg_1605        |   2|   0|    2|          0|
    |ap_phi_reg_pp0_iter3_phi_ln1474_reg_1594        |   2|   0|    2|          0|
    |ap_phi_reg_pp0_iter4_outpix_val_V_39_reg_1846   |  10|   0|   10|          0|
    |ap_phi_reg_pp0_iter4_outpix_val_V_40_reg_1754   |  10|   0|   10|          0|
    |ap_phi_reg_pp0_iter4_outpix_val_V_41_reg_1671   |  10|   0|   10|          0|
    |ap_phi_reg_pp0_iter4_phi_ln1099_reg_1660        |   2|   0|    2|          0|
    |ap_phi_reg_pp0_iter4_phi_ln1120_reg_1649        |   2|   0|    2|          0|
    |ap_phi_reg_pp0_iter4_phi_ln1141_reg_1638        |   2|   0|    2|          0|
    |ap_phi_reg_pp0_iter4_phi_ln1162_reg_1627        |   2|   0|    2|          0|
    |ap_phi_reg_pp0_iter4_phi_ln1183_reg_1616        |   2|   0|    2|          0|
    |ap_phi_reg_pp0_iter4_phi_ln1459_reg_1605        |   2|   0|    2|          0|
    |ap_phi_reg_pp0_iter4_phi_ln1474_reg_1594        |   2|   0|    2|          0|
    |ap_phi_reg_pp0_iter5_outpix_val_V_39_reg_1846   |  10|   0|   10|          0|
    |ap_phi_reg_pp0_iter5_outpix_val_V_40_reg_1754   |  10|   0|   10|          0|
    |ap_phi_reg_pp0_iter5_outpix_val_V_41_reg_1671   |  10|   0|   10|          0|
    |ap_phi_reg_pp0_iter5_phi_ln1099_reg_1660        |   2|   0|    2|          0|
    |ap_phi_reg_pp0_iter5_phi_ln1120_reg_1649        |   2|   0|    2|          0|
    |ap_phi_reg_pp0_iter5_phi_ln1141_reg_1638        |   2|   0|    2|          0|
    |ap_phi_reg_pp0_iter5_phi_ln1162_reg_1627        |   2|   0|    2|          0|
    |ap_phi_reg_pp0_iter5_phi_ln1183_reg_1616        |   2|   0|    2|          0|
    |ap_phi_reg_pp0_iter5_phi_ln1459_reg_1605        |   2|   0|    2|          0|
    |ap_phi_reg_pp0_iter5_phi_ln1474_reg_1594        |   2|   0|    2|          0|
    |ap_phi_reg_pp0_iter6_outpix_val_V_39_reg_1846   |  10|   0|   10|          0|
    |ap_phi_reg_pp0_iter6_outpix_val_V_40_reg_1754   |  10|   0|   10|          0|
    |ap_phi_reg_pp0_iter6_outpix_val_V_41_reg_1671   |  10|   0|   10|          0|
    |ap_phi_reg_pp0_iter6_phi_ln1099_reg_1660        |   2|   0|    2|          0|
    |ap_phi_reg_pp0_iter6_phi_ln1120_reg_1649        |   2|   0|    2|          0|
    |ap_phi_reg_pp0_iter6_phi_ln1141_reg_1638        |   2|   0|    2|          0|
    |ap_phi_reg_pp0_iter6_phi_ln1162_reg_1627        |   2|   0|    2|          0|
    |ap_phi_reg_pp0_iter6_phi_ln1183_reg_1616        |   2|   0|    2|          0|
    |ap_phi_reg_pp0_iter6_phi_ln1459_reg_1605        |   2|   0|    2|          0|
    |ap_phi_reg_pp0_iter6_phi_ln1474_reg_1594        |   2|   0|    2|          0|
    |ap_phi_reg_pp0_iter7_outpix_val_V_39_reg_1846   |  10|   0|   10|          0|
    |ap_phi_reg_pp0_iter7_outpix_val_V_40_reg_1754   |  10|   0|   10|          0|
    |ap_phi_reg_pp0_iter7_outpix_val_V_41_reg_1671   |  10|   0|   10|          0|
    |ap_phi_reg_pp0_iter7_phi_ln1099_reg_1660        |   2|   0|    2|          0|
    |ap_phi_reg_pp0_iter7_phi_ln1120_reg_1649        |   2|   0|    2|          0|
    |ap_phi_reg_pp0_iter7_phi_ln1141_reg_1638        |   2|   0|    2|          0|
    |ap_phi_reg_pp0_iter7_phi_ln1162_reg_1627        |   2|   0|    2|          0|
    |ap_phi_reg_pp0_iter7_phi_ln1183_reg_1616        |   2|   0|    2|          0|
    |ap_phi_reg_pp0_iter7_phi_ln1459_reg_1605        |   2|   0|    2|          0|
    |ap_phi_reg_pp0_iter7_phi_ln1474_reg_1594        |   2|   0|    2|          0|
    |ap_phi_reg_pp0_iter8_outpix_val_V_39_reg_1846   |  10|   0|   10|          0|
    |ap_phi_reg_pp0_iter8_outpix_val_V_40_reg_1754   |  10|   0|   10|          0|
    |ap_phi_reg_pp0_iter8_outpix_val_V_41_reg_1671   |  10|   0|   10|          0|
    |ap_phi_reg_pp0_iter8_phi_ln1099_reg_1660        |   2|   0|    2|          0|
    |ap_phi_reg_pp0_iter8_phi_ln1120_reg_1649        |   2|   0|    2|          0|
    |ap_phi_reg_pp0_iter8_phi_ln1141_reg_1638        |   2|   0|    2|          0|
    |ap_phi_reg_pp0_iter8_phi_ln1162_reg_1627        |   2|   0|    2|          0|
    |ap_phi_reg_pp0_iter8_phi_ln1183_reg_1616        |   2|   0|    2|          0|
    |ap_phi_reg_pp0_iter8_phi_ln1459_reg_1605        |   2|   0|    2|          0|
    |ap_phi_reg_pp0_iter8_phi_ln1474_reg_1594        |   2|   0|    2|          0|
    |ap_phi_reg_pp0_iter9_outpix_val_V_39_reg_1846   |  10|   0|   10|          0|
    |ap_phi_reg_pp0_iter9_outpix_val_V_40_reg_1754   |  10|   0|   10|          0|
    |ap_phi_reg_pp0_iter9_outpix_val_V_41_reg_1671   |  10|   0|   10|          0|
    |ap_phi_reg_pp0_iter9_phi_ln1099_reg_1660        |   2|   0|    2|          0|
    |ap_phi_reg_pp0_iter9_phi_ln1120_reg_1649        |   2|   0|    2|          0|
    |ap_phi_reg_pp0_iter9_phi_ln1141_reg_1638        |   2|   0|    2|          0|
    |ap_phi_reg_pp0_iter9_phi_ln1162_reg_1627        |   2|   0|    2|          0|
    |ap_phi_reg_pp0_iter9_phi_ln1183_reg_1616        |   2|   0|    2|          0|
    |ap_phi_reg_pp0_iter9_phi_ln1459_reg_1605        |   2|   0|    2|          0|
    |ap_phi_reg_pp0_iter9_phi_ln1474_reg_1594        |   2|   0|    2|          0|
    |bSerie_V                                        |  28|   0|   28|          0|
    |b_reg_5463                                      |  16|   0|   16|          0|
    |barWidthMinSamples_read_reg_4993                |  10|   0|   10|          0|
    |barWidth_cast_cast_reg_5131                     |  11|   0|   12|          1|
    |barWidth_read_reg_5025                          |  11|   0|   11|          0|
    |bckgndId_load_read_reg_5071                     |   8|   0|    8|          0|
    |cmp126_i_read_reg_4950                          |   1|   0|    1|          0|
    |cmp141_i_read_reg_5037                          |   1|   0|    1|          0|
    |cmp2_i381_read_reg_5049                         |   1|   0|    1|          0|
    |cmp35_i588_read_reg_4978                        |   1|   0|    1|          0|
    |cmp59_i_read_reg_4954                           |   1|   0|    1|          0|
    |cmp8_read_reg_5075                              |   1|   0|    1|          0|
    |colorFormatLocal_read_reg_5045                  |   8|   0|    8|          0|
    |gSerie_V                                        |  28|   0|   28|          0|
    |g_2_reg_5929                                    |  10|   0|   10|          0|
    |g_reg_5430                                      |  16|   0|   16|          0|
    |hdata_flag_1_fu_554                             |   1|   0|    1|          0|
    |icmp_ln1027_1_reg_5291                          |   1|   0|    1|          0|
    |icmp_ln1027_5_reg_5287                          |   1|   0|    1|          0|
    |icmp_ln1027_6_reg_5262                          |   1|   0|    1|          0|
    |icmp_ln1027_reg_5193                            |   1|   0|    1|          0|
    |icmp_ln1050_reg_5243                            |   1|   0|    1|          0|
    |icmp_ln1217_read_reg_5030                       |   1|   0|    1|          0|
    |icmp_ln1261_reg_5657                            |   1|   0|    1|          0|
    |icmp_ln1262_reg_5662                            |   1|   0|    1|          0|
    |icmp_ln1285_reg_5235                            |   1|   0|    1|          0|
    |icmp_ln1336_reg_5231                            |   1|   0|    1|          0|
    |icmp_ln1428_reg_5227                            |   1|   0|    1|          0|
    |icmp_ln1518_reg_5213                            |   1|   0|    1|          0|
    |icmp_ln1629_reg_5207                            |   1|   0|    1|          0|
    |icmp_ln1701_reg_5203                            |   1|   0|    1|          0|
    |icmp_ln520_reg_5189                             |   1|   0|    1|          0|
    |lshr_ln1_reg_5309                               |  11|   0|   11|          0|
    |mul_ln1311_reg_5707                             |  28|   0|   28|          0|
    |or_ln1449_reg_5295                              |   1|   0|    1|          0|
    |or_ln691_reg_5247                               |   1|   0|    1|          0|
    |outpix_val_V_12_reg_5785                        |  10|   0|   10|          0|
    |outpix_val_V_13_reg_5779                        |  10|   0|   10|          0|
    |outpix_val_V_16_reg_5773                        |  10|   0|   10|          0|
    |outpix_val_V_1_read_reg_5092                    |  10|   0|   10|          0|
    |outpix_val_V_2_read_reg_5104                    |  10|   0|   10|          0|
    |outpix_val_V_3_fu_562                           |  10|   0|   10|          0|
    |outpix_val_V_45_reg_1961                        |  10|   0|   10|          0|
    |outpix_val_V_46_reg_1950                        |  10|   0|   10|          0|
    |outpix_val_V_47_reg_1939                        |  10|   0|   10|          0|
    |outpix_val_V_4_fu_566                           |  10|   0|   10|          0|
    |outpix_val_V_64_reg_5935                        |  10|   0|   10|          0|
    |outpix_val_V_65_reg_5922                        |  10|   0|   10|          0|
    |outpix_val_V_8_fu_570                           |  10|   0|   10|          0|
    |outpix_val_V_read_reg_5086                      |  10|   0|   10|          0|
    |pf_all_done                                     |   1|   0|    1|          0|
    |phi_mul_fu_542                                  |  16|   0|   16|          0|
    |pix_val_V_12_read_reg_5110                      |  10|   0|   10|          0|
    |pix_val_V_13_read_reg_5118                      |  10|   0|   10|          0|
    |rSerie_V                                        |  28|   0|   28|          0|
    |r_reg_5424                                      |  16|   0|   16|          0|
    |rampVal_2_flag_1_fu_550                         |   1|   0|    1|          0|
    |rampVal_3_flag_1_fu_558                         |   1|   0|    1|          0|
    |select_ln1488_cast_reg_5126                     |   3|   0|   16|         13|
    |select_ln507_2_cast_cast_cast_cast_reg_5141     |   7|   0|   10|          3|
    |select_ln507_cast1_reg_5153                     |   7|   0|   10|          3|
    |select_ln507_cast_cast_reg_5147                 |  10|   0|   10|          0|
    |sub_i_i_i_read_reg_5002                         |  11|   0|   11|          0|
    |tmp_10_reg_5440                                 |  22|   0|   22|          0|
    |tmp_6_reg_5384                                  |  22|   0|   22|          0|
    |tmp_8_reg_5394                                  |  22|   0|   22|          0|
    |trunc_ln1236_2_reg_5379                         |  14|   0|   14|          0|
    |trunc_ln1240_2_reg_5389                         |  14|   0|   14|          0|
    |trunc_ln1244_2_reg_5435                         |  14|   0|   14|          0|
    |trunc_ln1257_1_reg_5642                         |  18|   0|   18|          0|
    |trunc_ln1267_reg_5943                           |   1|   0|    1|          0|
    |trunc_ln1311_1_reg_5713                         |   8|   0|    8|          0|
    |trunc_ln520_1_reg_5182                          |  11|   0|   11|          0|
    |u_reg_5647                                      |  17|   0|   17|          0|
    |vHatch                                          |   1|   0|    1|          0|
    |v_reg_5652                                      |  17|   0|   17|          0|
    |xBar_V                                          |  11|   0|   11|          0|
    |xCount_V                                        |  10|   0|   10|          0|
    |xCount_V_1                                      |  10|   0|   10|          0|
    |xCount_V_2                                      |  10|   0|   10|          0|
    |xCount_V_3                                      |  10|   0|   10|          0|
    |x_2_reg_5159                                    |  16|   0|   16|          0|
    |x_fu_546                                        |  16|   0|   16|          0|
    |yCount_V                                        |  10|   0|   10|          0|
    |yCount_V_1                                      |   6|   0|    6|          0|
    |yCount_V_2                                      |  10|   0|   10|          0|
    |yCount_V_3                                      |  10|   0|   10|          0|
    |zext_ln1032_cast_reg_5136                       |  10|   0|   16|          6|
    |zext_ln1257_1_reg_5451                          |  16|   0|   24|          8|
    |zonePlateVDelta                                 |  16|   0|   16|          0|
    |add_ln1240_reg_5217                             |  64|  32|   11|          0|
    |add_ln1244_reg_5266                             |  64|  32|   11|          0|
    |and_ln1292_reg_5239                             |  64|  32|    1|          0|
    |and_ln1341_reg_5283                             |  64|  32|    1|          0|
    |and_ln1523_reg_5258                             |  64|  32|    1|          0|
    |and_ln1706_reg_5254                             |  64|  32|    1|          0|
    |b_reg_5463                                      |  64|  32|   16|          0|
    |g_reg_5430                                      |  64|  32|   16|          0|
    |icmp_ln1027_1_reg_5291                          |  64|  32|    1|          0|
    |icmp_ln1027_5_reg_5287                          |  64|  32|    1|          0|
    |icmp_ln1027_6_reg_5262                          |  64|  32|    1|          0|
    |icmp_ln1027_reg_5193                            |  64|  32|    1|          0|
    |icmp_ln1050_reg_5243                            |  64|  32|    1|          0|
    |icmp_ln1285_reg_5235                            |  64|  32|    1|          0|
    |icmp_ln1336_reg_5231                            |  64|  32|    1|          0|
    |icmp_ln1518_reg_5213                            |  64|  32|    1|          0|
    |icmp_ln1629_reg_5207                            |  64|  32|    1|          0|
    |icmp_ln1701_reg_5203                            |  64|  32|    1|          0|
    |icmp_ln520_reg_5189                             |  64|  32|    1|          0|
    |lshr_ln1_reg_5309                               |  64|  32|   11|          0|
    |or_ln1449_reg_5295                              |  64|  32|    1|          0|
    |or_ln691_reg_5247                               |  64|  32|    1|          0|
    |r_reg_5424                                      |  64|  32|   16|          0|
    |trunc_ln520_1_reg_5182                          |  64|  32|   11|          0|
    |x_2_reg_5159                                    |  64|  32|   16|          0|
    +------------------------------------------------+----+----+-----+-----------+
    |Total                                           |3437| 800| 1996|         34|
    +------------------------------------------------+----+----+-----+-----------+



================================================================
== Interface
================================================================
* Summary: 
+-----------------------------------+-----+-----+------------+-----------------------------------------+--------------+
|             RTL Ports             | Dir | Bits|  Protocol  |              Source Object              |    C Type    |
+-----------------------------------+-----+-----+------------+-----------------------------------------+--------------+
|ap_clk                             |   in|    1|  ap_ctrl_hs|  tpgBackground_Pipeline_VITIS_LOOP_520_2|  return value|
|ap_rst                             |   in|    1|  ap_ctrl_hs|  tpgBackground_Pipeline_VITIS_LOOP_520_2|  return value|
|ap_start                           |   in|    1|  ap_ctrl_hs|  tpgBackground_Pipeline_VITIS_LOOP_520_2|  return value|
|ap_done                            |  out|    1|  ap_ctrl_hs|  tpgBackground_Pipeline_VITIS_LOOP_520_2|  return value|
|ap_idle                            |  out|    1|  ap_ctrl_hs|  tpgBackground_Pipeline_VITIS_LOOP_520_2|  return value|
|ap_ready                           |  out|    1|  ap_ctrl_hs|  tpgBackground_Pipeline_VITIS_LOOP_520_2|  return value|
|srcYUV_dout                        |   in|   30|     ap_fifo|                                   srcYUV|       pointer|
|srcYUV_num_data_valid              |   in|    6|     ap_fifo|                                   srcYUV|       pointer|
|srcYUV_fifo_cap                    |   in|    5|     ap_fifo|                                   srcYUV|       pointer|
|srcYUV_empty_n                     |   in|    1|     ap_fifo|                                   srcYUV|       pointer|
|srcYUV_read                        |  out|    1|     ap_fifo|                                   srcYUV|       pointer|
|ovrlayYUV_din                      |  out|   30|     ap_fifo|                                ovrlayYUV|       pointer|
|ovrlayYUV_num_data_valid           |   in|    5|     ap_fifo|                                ovrlayYUV|       pointer|
|ovrlayYUV_fifo_cap                 |   in|    5|     ap_fifo|                                ovrlayYUV|       pointer|
|ovrlayYUV_full_n                   |   in|    1|     ap_fifo|                                ovrlayYUV|       pointer|
|ovrlayYUV_write                    |  out|    1|     ap_fifo|                                ovrlayYUV|       pointer|
|rampVal_3_flag_0                   |   in|    1|     ap_none|                         rampVal_3_flag_0|        scalar|
|hdata_flag_0                       |   in|    1|     ap_none|                             hdata_flag_0|        scalar|
|rampVal_2_flag_0                   |   in|    1|     ap_none|                         rampVal_2_flag_0|        scalar|
|outpix_val_V_7                     |   in|   10|     ap_none|                           outpix_val_V_7|        scalar|
|outpix_val_V_6                     |   in|   10|     ap_none|                           outpix_val_V_6|        scalar|
|outpix_val_V_5                     |   in|   10|     ap_none|                           outpix_val_V_5|        scalar|
|loopWidth                          |   in|   16|   ap_stable|                                loopWidth|        scalar|
|pix_val_V_13                       |   in|   10|   ap_stable|                             pix_val_V_13|        scalar|
|pix_val_V_12                       |   in|   10|   ap_stable|                             pix_val_V_12|        scalar|
|outpix_val_V_2                     |   in|   10|   ap_stable|                           outpix_val_V_2|        scalar|
|select_ln507                       |   in|    7|   ap_stable|                             select_ln507|        scalar|
|select_ln507_cast                  |   in|    3|   ap_stable|                        select_ln507_cast|        scalar|
|outpix_val_V_17                    |   in|   10|     ap_none|                          outpix_val_V_17|        scalar|
|select_ln507_2_cast_cast           |   in|    5|   ap_stable|                 select_ln507_2_cast_cast|        scalar|
|outpix_val_V_1                     |   in|   10|   ap_stable|                           outpix_val_V_1|        scalar|
|outpix_val_V                       |   in|   10|   ap_stable|                             outpix_val_V|        scalar|
|rampStart_1                        |   in|   10|     ap_none|                              rampStart_1|        scalar|
|cmp8                               |   in|    1|   ap_stable|                                     cmp8|        scalar|
|bckgndId_load                      |   in|    8|   ap_stable|                            bckgndId_load|        scalar|
|Zplate_Hor_Control_Start           |   in|   16|   ap_stable|                 Zplate_Hor_Control_Start|        scalar|
|cmp2_i381                          |   in|    1|   ap_stable|                                cmp2_i381|        scalar|
|zext_ln1032                        |   in|   10|     ap_none|                              zext_ln1032|        scalar|
|y                                  |   in|   16|     ap_none|                                        y|        scalar|
|colorFormatLocal                   |   in|    8|   ap_stable|                         colorFormatLocal|        scalar|
|cmp141_i                           |   in|    1|   ap_stable|                                 cmp141_i|        scalar|
|icmp_ln1217                        |   in|    1|   ap_stable|                              icmp_ln1217|        scalar|
|barWidth_cast                      |   in|   11|   ap_stable|                            barWidth_cast|        scalar|
|barWidth                           |   in|   11|   ap_stable|                                 barWidth|        scalar|
|shl_ln                             |   in|   16|     ap_none|                                   shl_ln|        scalar|
|Zplate_Hor_Control_Delta           |   in|   16|   ap_stable|                 Zplate_Hor_Control_Delta|        scalar|
|Zplate_Ver_Control_Start           |   in|   16|   ap_stable|                 Zplate_Ver_Control_Start|        scalar|
|cmp12_i                            |   in|    1|     ap_none|                                  cmp12_i|        scalar|
|Zplate_Ver_Control_Delta           |   in|   16|   ap_stable|                 Zplate_Ver_Control_Delta|        scalar|
|sub_i_i_i                          |   in|   11|   ap_stable|                                sub_i_i_i|        scalar|
|barWidthMinSamples                 |   in|   10|   ap_stable|                       barWidthMinSamples|        scalar|
|icmp_ln1404_1                      |   in|    1|     ap_none|                            icmp_ln1404_1|        scalar|
|icmp_ln1404                        |   in|    1|     ap_none|                              icmp_ln1404|        scalar|
|sub40_i                            |   in|   17|   ap_stable|                                  sub40_i|        scalar|
|add_ln1488                         |   in|   10|     ap_none|                               add_ln1488|        scalar|
|cmp35_i588                         |   in|    1|   ap_stable|                               cmp35_i588|        scalar|
|fineCourseSel                      |   in|    1|     ap_none|                            fineCourseSel|        scalar|
|or_ln1639                          |   in|    1|     ap_none|                                or_ln1639|        scalar|
|or_ln1639_1                        |   in|    1|     ap_none|                              or_ln1639_1|        scalar|
|or_ln1639_2                        |   in|    1|     ap_none|                              or_ln1639_2|        scalar|
|select_ln1488                      |   in|    3|     ap_none|                            select_ln1488|        scalar|
|cmp59_i                            |   in|    1|   ap_stable|                                  cmp59_i|        scalar|
|cmp126_i                           |   in|    1|   ap_stable|                                 cmp126_i|        scalar|
|passthruStartX_load                |   in|   16|   ap_stable|                      passthruStartX_load|        scalar|
|passthruEndX_load                  |   in|   16|   ap_stable|                        passthruEndX_load|        scalar|
|icmp_ln691                         |   in|    1|     ap_none|                               icmp_ln691|        scalar|
|cmp68_not                          |   in|    1|     ap_none|                                cmp68_not|        scalar|
|rampVal_3_flag_1_out               |  out|    1|      ap_vld|                     rampVal_3_flag_1_out|       pointer|
|rampVal_3_flag_1_out_ap_vld        |  out|    1|      ap_vld|                     rampVal_3_flag_1_out|       pointer|
|rampVal_3_new_1_out                |  out|   16|      ap_vld|                      rampVal_3_new_1_out|       pointer|
|rampVal_3_new_1_out_ap_vld         |  out|    1|      ap_vld|                      rampVal_3_new_1_out|       pointer|
|rampVal_3_loc_1_out_i              |   in|   16|     ap_ovld|                      rampVal_3_loc_1_out|       pointer|
|rampVal_3_loc_1_out_o              |  out|   16|     ap_ovld|                      rampVal_3_loc_1_out|       pointer|
|rampVal_3_loc_1_out_o_ap_vld       |  out|    1|     ap_ovld|                      rampVal_3_loc_1_out|       pointer|
|rampVal_loc_1_out_i                |   in|   16|     ap_ovld|                        rampVal_loc_1_out|       pointer|
|rampVal_loc_1_out_o                |  out|   16|     ap_ovld|                        rampVal_loc_1_out|       pointer|
|rampVal_loc_1_out_o_ap_vld         |  out|    1|     ap_ovld|                        rampVal_loc_1_out|       pointer|
|hBarSel_4_loc_1_out_i              |   in|    8|     ap_ovld|                      hBarSel_4_loc_1_out|       pointer|
|hBarSel_4_loc_1_out_o              |  out|    8|     ap_ovld|                      hBarSel_4_loc_1_out|       pointer|
|hBarSel_4_loc_1_out_o_ap_vld       |  out|    1|     ap_ovld|                      hBarSel_4_loc_1_out|       pointer|
|zonePlateVAddr_loc_1_out_i         |   in|   16|     ap_ovld|                 zonePlateVAddr_loc_1_out|       pointer|
|zonePlateVAddr_loc_1_out_o         |  out|   16|     ap_ovld|                 zonePlateVAddr_loc_1_out|       pointer|
|zonePlateVAddr_loc_1_out_o_ap_vld  |  out|    1|     ap_ovld|                 zonePlateVAddr_loc_1_out|       pointer|
|vBarSel_loc_1_out_i                |   in|    8|     ap_ovld|                        vBarSel_loc_1_out|       pointer|
|vBarSel_loc_1_out_o                |  out|    8|     ap_ovld|                        vBarSel_loc_1_out|       pointer|
|vBarSel_loc_1_out_o_ap_vld         |  out|    1|     ap_ovld|                        vBarSel_loc_1_out|       pointer|
|hBarSel_loc_1_out_i                |   in|    8|     ap_ovld|                        hBarSel_loc_1_out|       pointer|
|hBarSel_loc_1_out_o                |  out|    8|     ap_ovld|                        hBarSel_loc_1_out|       pointer|
|hBarSel_loc_1_out_o_ap_vld         |  out|    1|     ap_ovld|                        hBarSel_loc_1_out|       pointer|
|hdata_flag_1_out                   |  out|    1|      ap_vld|                         hdata_flag_1_out|       pointer|
|hdata_flag_1_out_ap_vld            |  out|    1|      ap_vld|                         hdata_flag_1_out|       pointer|
|hdata_new_1_out                    |  out|   16|      ap_vld|                          hdata_new_1_out|       pointer|
|hdata_new_1_out_ap_vld             |  out|    1|      ap_vld|                          hdata_new_1_out|       pointer|
|hdata_loc_1_out_i                  |   in|   16|     ap_ovld|                          hdata_loc_1_out|       pointer|
|hdata_loc_1_out_o                  |  out|   16|     ap_ovld|                          hdata_loc_1_out|       pointer|
|hdata_loc_1_out_o_ap_vld           |  out|    1|     ap_ovld|                          hdata_loc_1_out|       pointer|
|vBarSel_2_loc_1_out_i              |   in|    8|     ap_ovld|                      vBarSel_2_loc_1_out|       pointer|
|vBarSel_2_loc_1_out_o              |  out|    8|     ap_ovld|                      vBarSel_2_loc_1_out|       pointer|
|vBarSel_2_loc_1_out_o_ap_vld       |  out|    1|     ap_ovld|                      vBarSel_2_loc_1_out|       pointer|
|hBarSel_3_loc_1_out_i              |   in|    8|     ap_ovld|                      hBarSel_3_loc_1_out|       pointer|
|hBarSel_3_loc_1_out_o              |  out|    8|     ap_ovld|                      hBarSel_3_loc_1_out|       pointer|
|hBarSel_3_loc_1_out_o_ap_vld       |  out|    1|     ap_ovld|                      hBarSel_3_loc_1_out|       pointer|
|rampVal_2_flag_1_out               |  out|    1|      ap_vld|                     rampVal_2_flag_1_out|       pointer|
|rampVal_2_flag_1_out_ap_vld        |  out|    1|      ap_vld|                     rampVal_2_flag_1_out|       pointer|
|rampVal_2_new_1_out                |  out|   16|      ap_vld|                      rampVal_2_new_1_out|       pointer|
|rampVal_2_new_1_out_ap_vld         |  out|    1|      ap_vld|                      rampVal_2_new_1_out|       pointer|
|rampVal_2_loc_1_out_i              |   in|   16|     ap_ovld|                      rampVal_2_loc_1_out|       pointer|
|rampVal_2_loc_1_out_o              |  out|   16|     ap_ovld|                      rampVal_2_loc_1_out|       pointer|
|rampVal_2_loc_1_out_o_ap_vld       |  out|    1|     ap_ovld|                      rampVal_2_loc_1_out|       pointer|
|vBarSel_3_loc_1_out_i              |   in|    8|     ap_ovld|                      vBarSel_3_loc_1_out|       pointer|
|vBarSel_3_loc_1_out_o              |  out|    8|     ap_ovld|                      vBarSel_3_loc_1_out|       pointer|
|vBarSel_3_loc_1_out_o_ap_vld       |  out|    1|     ap_ovld|                      vBarSel_3_loc_1_out|       pointer|
|hBarSel_5_loc_1_out_i              |   in|    8|     ap_ovld|                      hBarSel_5_loc_1_out|       pointer|
|hBarSel_5_loc_1_out_o              |  out|    8|     ap_ovld|                      hBarSel_5_loc_1_out|       pointer|
|hBarSel_5_loc_1_out_o_ap_vld       |  out|    1|     ap_ovld|                      hBarSel_5_loc_1_out|       pointer|
|outpix_val_V_10_out                |  out|   10|      ap_vld|                      outpix_val_V_10_out|       pointer|
|outpix_val_V_10_out_ap_vld         |  out|    1|      ap_vld|                      outpix_val_V_10_out|       pointer|
|outpix_val_V_9_out                 |  out|   10|      ap_vld|                       outpix_val_V_9_out|       pointer|
|outpix_val_V_9_out_ap_vld          |  out|    1|      ap_vld|                       outpix_val_V_9_out|       pointer|
|outpix_val_V_8_out                 |  out|   10|      ap_vld|                       outpix_val_V_8_out|       pointer|
|outpix_val_V_8_out_ap_vld          |  out|    1|      ap_vld|                       outpix_val_V_8_out|       pointer|
|p_0_2_0_0_0133363_out_i            |   in|   10|     ap_ovld|                    p_0_2_0_0_0133363_out|       pointer|
|p_0_2_0_0_0133363_out_o            |  out|   10|     ap_ovld|                    p_0_2_0_0_0133363_out|       pointer|
|p_0_2_0_0_0133363_out_o_ap_vld     |  out|    1|     ap_ovld|                    p_0_2_0_0_0133363_out|       pointer|
|p_0_1_0_0_0131361_out_i            |   in|   10|     ap_ovld|                    p_0_1_0_0_0131361_out|       pointer|
|p_0_1_0_0_0131361_out_o            |  out|   10|     ap_ovld|                    p_0_1_0_0_0131361_out|       pointer|
|p_0_1_0_0_0131361_out_o_ap_vld     |  out|    1|     ap_ovld|                    p_0_1_0_0_0131361_out|       pointer|
|p_0_0_0_0_0129359_out_i            |   in|   10|     ap_ovld|                    p_0_0_0_0_0129359_out|       pointer|
|p_0_0_0_0_0129359_out_o            |  out|   10|     ap_ovld|                    p_0_0_0_0_0129359_out|       pointer|
|p_0_0_0_0_0129359_out_o_ap_vld     |  out|    1|     ap_ovld|                    p_0_0_0_0_0129359_out|       pointer|
|rampVal                            |  out|   10|      ap_vld|                                  rampVal|       pointer|
|rampVal_ap_vld                     |  out|    1|      ap_vld|                                  rampVal|       pointer|
|hBarSel_2                          |  out|    8|      ap_vld|                                hBarSel_2|       pointer|
|hBarSel_2_ap_vld                   |  out|    1|      ap_vld|                                hBarSel_2|       pointer|
|s                                  |   in|   32|     ap_none|                                        s|       pointer|
|zonePlateVAddr                     |  out|   16|      ap_vld|                           zonePlateVAddr|       pointer|
|zonePlateVAddr_ap_vld              |  out|    1|      ap_vld|                           zonePlateVAddr|       pointer|
|hBarSel                            |  out|    3|      ap_vld|                                  hBarSel|       pointer|
|hBarSel_ap_vld                     |  out|    1|      ap_vld|                                  hBarSel|       pointer|
|vBarSel                            |  out|    3|      ap_vld|                                  vBarSel|       pointer|
|vBarSel_ap_vld                     |  out|    1|      ap_vld|                                  vBarSel|       pointer|
|hBarSel_3                          |  out|    3|      ap_vld|                                hBarSel_3|       pointer|
|hBarSel_3_ap_vld                   |  out|    1|      ap_vld|                                hBarSel_3|       pointer|
|vBarSel_2                          |  out|    8|      ap_vld|                                vBarSel_2|       pointer|
|vBarSel_2_ap_vld                   |  out|    1|      ap_vld|                                vBarSel_2|       pointer|
|hBarSel_1                          |  out|    3|      ap_vld|                                hBarSel_1|       pointer|
|hBarSel_1_ap_vld                   |  out|    1|      ap_vld|                                hBarSel_1|       pointer|
|vBarSel_1                          |  out|    1|      ap_vld|                                vBarSel_1|       pointer|
|vBarSel_1_ap_vld                   |  out|    1|      ap_vld|                                vBarSel_1|       pointer|
+-----------------------------------+-----+-----+------------+-----------------------------------------+--------------+

